
> educrow-next@0.1.0 build
> next build

npm : ΓÜá Warning: Next.js inferred your workspace root, but it may not be correct.
At line:1 char:1
+ npm run build > build_output.log 2>&1 ; echo $?
+ ~~~~~~~~~~~~~~~~~~~~~~~~~~~~~~~~~~~~~
    + CategoryInfo          : NotSpecified: (ΓÜá Warning: Ne...not be correct.:String) [], RemoteException
    + FullyQualifiedErrorId : NativeCommandError
 
 We detected multiple lockfiles and selected the directory of C:\Users\aarya\edu\edu201\package-lock.json as the root 
directory.
 To silence this warning, set `turbopack.root` in your Next.js config, or consider removing one of the lockfiles if 
it's not needed.
   See https://nextjs.org/docs/app/api-reference/config/next-config-js/turbopack#root-directory for more information.
 Detected additional lockfiles: 
   * C:\Users\aarya\edu\edu201\educrow-next\package-lock.json

Γû▓ Next.js 16.2.3 (Turbopack)
- Environments: .env.local

  Creating an optimized production build ...
Γ£ô Compiled successfully in 3.5s
  Running TypeScript ...
  Finished TypeScript in 4.5s ...
  Collecting page data using 15 workers ...
  Generating static pages using 15 workers (0/25) ...
  Generating static pages using 15 workers (6/25) 
  Generating static pages using 15 workers (12/25) 
  Generating static pages using 15 workers (18/25) 
Γ£ô Generating static pages using 15 workers (25/25) in 1010ms
  Finalizing page optimization ...

Route (app)
Γöî Γùï /
Γö£ Γùï /_not-found
Γö£ Γùï /chatbot
Γö£ Γùï /cheatsheets
Γö£ ΓùÅ /cheatsheets/[languageId]
Γöé Γö£ /cheatsheets/javascript
Γöé Γö£ /cheatsheets/python
Γöé Γö£ /cheatsheets/java
Γöé Γöö /cheatsheets/cpp
Γö£ Γùï /index_org
Γö£ Γùï /problems
Γö£ ΓùÅ /problems/[id]
Γöé Γö£ /problems/1
Γöé Γö£ /problems/2
Γöé Γö£ /problems/3
Γöé Γöö /problems/4
Γö£ Γùï /reset-password
Γö£ Γùï /signin
Γö£ Γùï /signup
Γö£ Γùï /update-password
Γö£ Γùï /videos
Γöö ΓùÅ /videos/[languageId]
  Γö£ /videos/javascript
  Γö£ /videos/python
  Γö£ /videos/java
  Γöö /videos/cpp


Γùï  (Static)  prerendered as static content
ΓùÅ  (SSG)     prerendered as static HTML (uses generateStaticParams)

